Microchip MPLAB XC8 Compiler V2.00 ()

Linker command line:

-W-3 --edf=/opt/microchip/xc8/v2.00/pic/dat/en_msgs.txt -cs \
  -h+dist/default/production/lumkani-keychain.production.sym \
  --cmf=dist/default/production/lumkani-keychain.production.cmf -z \
  -Q16LF18326 -o/tmp/xcXzlWwpJ --defsym=__MPLAB_BUILD=1 \
  -Mdist/default/production/lumkani-keychain.production.map -E1 -ver=XC8 \
  --acfsm=1493 -ASTACK=02013h-027efh -pstack=STACK -ACODE=00h-07FFhx8 \
  -ASTRCODE=00h-03FFFh -ASTRING=00h-0FFhx64 -ACONST=00h-0FFhx64 \
  -AENTRY=00h-0FFhx64 -ACOMMON=070h-07Fh -ABANK0=020h-06Fh \
  -ABANK1=0A0h-0EFh -ABANK2=0120h-016Fh -ABANK3=01A0h-01EFh \
  -ABANK4=0220h-026Fh -ABANK5=02A0h-02EFh -ABANK6=0320h-036Fh \
  -ABANK7=03A0h-03EFh -ABANK8=0420h-046Fh -ABANK9=04A0h-04EFh \
  -ABANK10=0520h-056Fh -ABANK11=05A0h-05EFh -ABANK12=0620h-066Fh \
  -ABANK13=06A0h-06EFh -ABANK14=0720h-076Fh -ABANK15=07A0h-07EFh \
  -ABANK16=0820h-086Fh -ABANK17=08A0h-08EFh -ABANK18=0920h-096Fh \
  -ABANK19=09A0h-09EFh -ABANK20=0A20h-0A6Fh -ABANK21=0AA0h-0AEFh \
  -ABANK22=0B20h-0B6Fh -ABANK23=0BA0h-0BEFh -ABANK24=0C20h-0C6Fh \
  -ABANK25=0CA0h-0CBFh -ABIGRAM=02000h-027EFh \
  -ARAM=020h-06Fh,0A0h-0EFh,0120h-016Fh,01A0h-01EFh,0220h-026Fh,02A0h-02EFh,0320h-036Fh,03A0h-03EFh,0420h-046Fh,04A0h-04EFh,0520h-056Fh,05A0h-05EFh,0620h-066Fh,06A0h-06EFh,0720h-076Fh,07A0h-07EFh,0820h-086Fh,08A0h-08EFh,0920h-096Fh,09A0h-09EFh,0A20h-0A6Fh,0AA0h-0AEFh,0B20h-0B6Fh,0BA0h-0BEFh,0C20h-0C6Fh,0CA0h-0CBFh \
  -AABS1=020h-07Fh,0A0h-0EFh,0120h-016Fh,01A0h-01EFh,0220h-026Fh,02A0h-02EFh,0320h-036Fh,03A0h-03EFh,0420h-046Fh,04A0h-04EFh,0520h-056Fh,05A0h-05EFh,0620h-066Fh,06A0h-06EFh,0720h-076Fh,07A0h-07EFh,0820h-086Fh,08A0h-08EFh,0920h-096Fh,09A0h-09EFh,0A20h-0A6Fh,0AA0h-0AEFh,0B20h-0B6Fh,0BA0h-0BEFh,0C20h-0C6Fh,0CA0h-0CBFh \
  -ASFR0=00h-01Fh -ASFR1=080h-09Fh -ASFR2=0100h-011Fh -ASFR3=0180h-019Fh \
  -ASFR4=0200h-021Fh -ASFR5=0280h-029Fh -ASFR6=0300h-031Fh \
  -ASFR7=0380h-039Fh -ASFR8=0400h-041Fh -ASFR9=0480h-049Fh \
  -ASFR10=0500h-051Fh -ASFR11=0580h-059Fh -ASFR12=0600h-061Fh \
  -ASFR13=0680h-069Fh -ASFR14=0700h-071Fh -ASFR15=0780h-079Fh \
  -ASFR16=0800h-081Fh -ASFR17=0880h-089Fh -ASFR18=0900h-091Fh \
  -ASFR19=0980h-099Fh -ASFR20=0A00h-0A1Fh -ASFR21=0A80h-0A9Fh \
  -ASFR22=0B00h-0B1Fh -ASFR23=0B80h-0B9Fh -ASFR24=0C00h-0C1Fh \
  -ASFR25=0C80h-0C9Fh -ASFR26=0D00h-0D6Fh -ASFR27=0D80h-0DEFh \
  -ASFR28=0E00h-0E6Fh -ASFR29=0E80h-0EEFh -ASFR30=0F00h-0F6Fh \
  -ASFR31=0F80h-0FEFh -preset_vec=00h,intentry,init,end_init -ppowerup=CODE \
  -pcinit=CODE -pfunctab=ENTRY -ACONFIG=08007h-0800Ah -pconfig=CONFIG \
  -DCONFIG=2 -AIDLOC=08000h-08003h -pidloc=IDLOC -DIDLOC=2 \
  -AEEDATA=00h-0FFh/0F000h -peeprom_data=EEDATA -DEEDATA=2 -DCODE=2 \
  -DSTRCODE=2 -DSTRING=2 -DCONST=2 -DENTRY=2 -k /tmp/xcXFvgqoY.o \
  dist/default/production/lumkani-keychain.production.o 

Object code version is 3.11

Machine type is 16LF18326



                Name                               Link     Load   Length Selector   Space Scale
/tmp/xcXFvgqoY.o
                end_init                              2        2        2        0       0
                reset_vec                             0        0        2        0       0
                config                             8007     8007        4    1000E       0
dist/default/production/lumkani-keychain.production.o
                cinit                               7F1      7F1        F      FE2       0
                text10                              3B9      3B9       3B      772       0
                text9                               69E      69E      153      D3C       0
                text8                               573      573      12B      AE6       0
                text7                               4DA      4DA       99      9B4       0
                text6                               36A      36A        B      6D4       0
                text5                               3F4      3F4       73      7E8       0
                text4                               467      467       73      8CE       0
                text3                               357      357        5      6AE       0
                text2                               356      356        1      6AC       0
                text1                               362      362        8      6C4       0
                maintext                            381      381       38      702       0
                cstackBANK0                          2C       2C        6       20       1
                cstackCOMMON                         70       70        E       70       1
                inittext                            35C      35C        6      6B8       0
                dataBANK0                            20       20        C       20       1
                bssBANK0                             32       32        1       20       1
                stringtext24                        8A5      8A5        7     1000       0
                stringtext23                        89E      89E        7     1000       0
                stringtext22                        897      897        7     1000       0
                stringtext21                        890      890        7     1000       0
                stringtext20                        889      889        7     1000       0
                stringtext19                        882      882        7     1000       0
                stringtext18                        87B      87B        7     1000       0
                stringtext17                        874      874        7     1000       0
                stringtext16                        86D      86D        7     1000       0
                stringtext15                        8B2      8B2        6     1000       0
                stringtext14                        8AC      8AC        6     1000       0
                stringtext13                        866      866        7     1000       0
                stringtext12                        85F      85F        7     1000       0
                stringtext11                        858      858        7     1000       0
                stringtext10                        851      851        7     1000       0
                stringtext9                         84A      84A        7     1000       0
                stringtext8                         843      843        7     1000       0
                stringtext7                         83C      83C        7     1000       0
                stringtext6                         835      835        7     1000       0
                stringtext5                         82E      82E        7     1000       0
                stringtext4                         826      826        8     1000       0
                stringtext3                         81C      81C        A     1000       0
                stringtext2                         810      810        C     1000       0
                stringtext1                         800      800       10     1000       0
                idataBANK0                          375      375        C      6EA       0

TOTAL           Name                               Link     Load   Length     Space
        CLASS   STACK          

        CLASS   CODE           
                end_init                              2        2        2         0
                cinit                               7F1      7F1        F         0
                reset_vec                             0        0        2         0
                text10                              3B9      3B9       3B         0
                text9                               69E      69E      153         0
                text8                               573      573      12B         0
                text7                               4DA      4DA       99         0
                text6                               36A      36A        B         0
                text5                               3F4      3F4       73         0
                text4                               467      467       73         0
                text3                               357      357        5         0
                text2                               356      356        1         0
                text1                               362      362        8         0
                maintext                            381      381       38         0
                inittext                            35C      35C        6         0
                idataBANK0                          375      375        C         0

        CLASS   STRCODE        
                stringtext24                        8A5      8A5        7         0
                stringtext23                        89E      89E        7         0
                stringtext22                        897      897        7         0
                stringtext21                        890      890        7         0
                stringtext20                        889      889        7         0
                stringtext19                        882      882        7         0
                stringtext18                        87B      87B        7         0
                stringtext17                        874      874        7         0
                stringtext16                        86D      86D        7         0
                stringtext15                        8B2      8B2        6         0
                stringtext14                        8AC      8AC        6         0
                stringtext13                        866      866        7         0
                stringtext12                        85F      85F        7         0
                stringtext11                        858      858        7         0
                stringtext10                        851      851        7         0
                stringtext9                         84A      84A        7         0
                stringtext8                         843      843        7         0
                stringtext7                         83C      83C        7         0
                stringtext6                         835      835        7         0
                stringtext5                         82E      82E        7         0
                stringtext4                         826      826        8         0
                stringtext3                         81C      81C        A         0
                stringtext2                         810      810        C         0
                stringtext1                         800      800       10         0

        CLASS   STRING         

        CLASS   CONST          

        CLASS   ENTRY          

        CLASS   COMMON         
                cstackCOMMON                         70       70        E         1

        CLASS   BANK0          
                cstackBANK0                          2C       2C        6         1
                dataBANK0                            20       20        C         1
                bssBANK0                             32       32        1         1

        CLASS   BANK1          

        CLASS   BANK2          

        CLASS   BANK3          

        CLASS   BANK4          

        CLASS   BANK5          

        CLASS   BANK6          

        CLASS   BANK7          

        CLASS   BANK8          

        CLASS   BANK9          

        CLASS   BANK10         

        CLASS   BANK11         

        CLASS   BANK12         

        CLASS   BANK13         

        CLASS   BANK14         

        CLASS   BANK15         

        CLASS   BANK16         

        CLASS   BANK17         

        CLASS   BANK18         

        CLASS   BANK19         

        CLASS   BANK20         

        CLASS   BANK21         

        CLASS   BANK22         

        CLASS   BANK23         

        CLASS   BANK24         

        CLASS   BANK25         

        CLASS   BIGRAM         

        CLASS   RAM            

        CLASS   ABS1           
                abs_s1                               7E       7E        2         1

        CLASS   SFR0           

        CLASS   SFR1           

        CLASS   SFR2           

        CLASS   SFR3           

        CLASS   SFR4           

        CLASS   SFR5           

        CLASS   SFR6           

        CLASS   SFR7           

        CLASS   SFR8           

        CLASS   SFR9           

        CLASS   SFR10          

        CLASS   SFR11          

        CLASS   SFR12          

        CLASS   SFR13          

        CLASS   SFR14          

        CLASS   SFR15          

        CLASS   SFR16          

        CLASS   SFR17          

        CLASS   SFR18          

        CLASS   SFR19          

        CLASS   SFR20          

        CLASS   SFR21          

        CLASS   SFR22          

        CLASS   SFR23          

        CLASS   SFR24          

        CLASS   SFR25          

        CLASS   SFR26          

        CLASS   SFR27          

        CLASS   SFR28          

        CLASS   SFR29          

        CLASS   SFR30          

        CLASS   SFR31          

        CLASS   CONFIG         
                config                             8007     8007        4         0

        CLASS   IDLOC          

        CLASS   EEDATA         

        CLASS   BANK31         

        CLASS   BANK30         

        CLASS   BANK29         

        CLASS   BANK28         

        CLASS   BANK27         

        CLASS   BANK26         



SEGMENTS        Name                           Load    Length   Top    Selector   Space  Class     Delta

                reset_vec                      000000  000004  000004         0       0  CODE        2
                dataBANK0                      000020  000013  000033        20       1  BANK0       1
                cstackCOMMON                   000070  00000E  00007E        70       1  COMMON      1
                text2                          000356  000001  000357       6AC       0  CODE        2
                text3                          000357  000005  00035C       6AE       0  CODE        2
                inittext                       00035C  000006  000362       6B8       0  CODE        2
                text1                          000362  000008  00036A       6C4       0  CODE        2
                text6                          00036A  00000B  000375       6D4       0  CODE        2
                idataBANK0                     000375  00000C  000381       6EA       0  CODE        2
                maintext                       000381  000038  0003B9       702       0  CODE        2
                text10                         0003B9  00003B  0003F4       772       0  CODE        2
                text5                          0003F4  000073  000467       7E8       0  CODE        2
                text4                          000467  000073  0004DA       8CE       0  CODE        2
                text7                          0004DA  000099  000573       9B4       0  CODE        2
                text8                          000573  00012B  00069E       AE6       0  CODE        2
                text9                          00069E  000153  0007F1       D3C       0  CODE        2
                cinit                          0007F1  00000F  000800       FE2       0  CODE        2
                stringtext1                    000800  0000B8  0008B8      1000       0  STRCODE     2
                config                         008007  000004  00800B     1000E       0  CONFIG      2


UNUSED ADDRESS RANGES

        Name                Unused          Largest block    Delta
        BANK0            00033-0006F              3D           1
        BANK1            000A0-000EF              50           1
        BANK10           00520-0056F              50           1
        BANK11           005A0-005EF              50           1
        BANK12           00620-0066F              50           1
        BANK13           006A0-006EF              50           1
        BANK14           00720-0076F              50           1
        BANK15           007A0-007EF              50           1
        BANK16           00820-0086F              50           1
        BANK17           008A0-008EF              50           1
        BANK18           00920-0096F              50           1
        BANK19           009A0-009EF              50           1
        BANK2            00120-0016F              50           1
        BANK20           00A20-00A6F              50           1
        BANK21           00AA0-00AEF              50           1
        BANK22           00B20-00B6F              50           1
        BANK23           00BA0-00BEF              50           1
        BANK24           00C20-00C6F              50           1
        BANK25           00CA0-00CBF              20           1
        BANK3            001A0-001EF              50           1
        BANK4            00220-0026F              50           1
        BANK5            002A0-002EF              50           1
        BANK6            00320-0036F              50           1
        BANK7            003A0-003EF              50           1
        BANK8            00420-0046F              50           1
        BANK9            004A0-004EF              50           1
        BIGRAM           02000-027EF             7F0           1
        CODE             00004-00355             352           2
                         008B8-03FFF             800
        CONST            00004-00355             100           2
                         008B8-03FFF             100
        EEDATA           0F000-0F0FF             100           2
        ENTRY            00004-00355             100           2
                         008B8-03FFF             100
        IDLOC            08000-08003               4           2
        RAM              00033-0006F              3D           1
                         000A0-000EF              50
                         00120-0016F              50
                         001A0-001EF              50
                         00220-0026F              50
                         002A0-002EF              50
                         00320-0036F              50
                         003A0-003EF              50
                         00420-0046F              50
                         004A0-004EF              50
                         00520-0056F              50
                         005A0-005EF              50
                         00620-0066F              50
                         006A0-006EF              50
                         00720-0076F              50
                         007A0-007EF              50
                         00820-0086F              50
                         008A0-008EF              50
                         00920-0096F              50
                         009A0-009EF              50
                         00A20-00A6F              50
                         00AA0-00AEF              50
                         00B20-00B6F              50
                         00BA0-00BEF              50
                         00C20-00C6F              50
                         00CA0-00CBF              20
        SFR0             00000-0001F              20           1
        SFR1             00080-0009F              20           1
        SFR10            00500-0051F              20           1
        SFR11            00580-0059F              20           1
        SFR12            00600-0061F              20           1
        SFR13            00680-0069F              20           1
        SFR14            00700-0071F              20           1
        SFR15            00780-0079F              20           1
        SFR16            00800-0081F              20           1
        SFR17            00880-0089F              20           1
        SFR18            00900-0091F              20           1
        SFR19            00980-0099F              20           1
        SFR2             00100-0011F              20           1
        SFR20            00A00-00A1F              20           1
        SFR21            00A80-00A9F              20           1
        SFR22            00B00-00B1F              20           1
        SFR23            00B80-00B9F              20           1
        SFR24            00C00-00C1F              20           1
        SFR25            00C80-00C9F              20           1
        SFR26            00D00-00D6F              70           1
        SFR27            00D80-00DEF              70           1
        SFR28            00E00-00E6F              70           1
        SFR29            00E80-00EEF              70           1
        SFR3             00180-0019F              20           1
        SFR30            00F00-00F6F              70           1
        SFR31            00F80-00FEF              70           1
        SFR4             00200-0021F              20           1
        SFR5             00280-0029F              20           1
        SFR6             00300-0031F              20           1
        SFR7             00380-0039F              20           1
        SFR8             00400-0041F              20           1
        SFR9             00480-0049F              20           1
        STACK            02013-027EF             7DD           1
        STRCODE          00004-00355             352           2
                         008B8-03FFF            3748
        STRING           00004-00355             100           2
                         008B8-03FFF             100

                                  Symbol Table

_ADACT                                 (abs)        0009F
_ADCON0bits                            (abs)        0009D
_ADCON1bits                            (abs)        0009E
_ADRES                                 (abs)        0009B
_CLKRCONbits                           (abs)        0039A
_FVRCONbits                            (abs)        00117
_OSCCON1bits                           (abs)        00919
_OSCCON2bits                           (abs)        0091A
_OSCCON3bits                           (abs)        0091B
_PMD0bits                              (abs)        00911
_PR2                                   (abs)        0001E
_STATUSbits                            (abs)        00003
_T0CON0bits                            (abs)        00017
_T0CON1bits                            (abs)        00018
_T2CONbits                             (abs)        0001F
_TMR0H                                 (abs)        00016
_TMR2                                  (abs)        0001D
_WDTCONbits                            (abs)        00097
__CFG_BOREN$OFF                        (abs)        00000
__CFG_CLKOUTEN$OFF                     (abs)        00000
__CFG_CP$ON                            (abs)        00000
__CFG_CPD$ON                           (abs)        00000
__CFG_CSWEN$ON                         (abs)        00000
__CFG_FEXTOSC$OFF                      (abs)        00000
__CFG_LVP$OFF                          (abs)        00000
__CFG_MCLRE$ON                         (abs)        00000
__CFG_PWRTE$OFF                        (abs)        00000
__CFG_RSTOSC$LFINT                     (abs)        00000
__CFG_WDTE$ON                          (abs)        00000
__Habs1                                abs1         00000
__Hbank0                               bank0        00000
__Hbank1                               bank1        00000
__Hbank10                              bank10       00000
__Hbank11                              bank11       00000
__Hbank12                              bank12       00000
__Hbank13                              bank13       00000
__Hbank14                              bank14       00000
__Hbank15                              bank15       00000
__Hbank16                              bank16       00000
__Hbank17                              bank17       00000
__Hbank18                              bank18       00000
__Hbank19                              bank19       00000
__Hbank2                               bank2        00000
__Hbank20                              bank20       00000
__Hbank21                              bank21       00000
__Hbank22                              bank22       00000
__Hbank23                              bank23       00000
__Hbank24                              bank24       00000
__Hbank25                              bank25       00000
__Hbank26                              bank26       00000
__Hbank27                              bank27       00000
__Hbank28                              bank28       00000
__Hbank29                              bank29       00000
__Hbank3                               bank3        00000
__Hbank30                              bank30       00000
__Hbank31                              bank31       00000
__Hbank4                               bank4        00000
__Hbank5                               bank5        00000
__Hbank6                               bank6        00000
__Hbank7                               bank7        00000
__Hbank8                               bank8        00000
__Hbank9                               bank9        00000
__Hbigram                              bigram       00000
__HbssBANK0                            bssBANK0     00000
__Hcinit                               cinit        00800
__Hclrtext                             clrtext      00000
__Hcode                                code         00000
__Hcommon                              common       00000
__Hconfig                              config       0800B
__HcstackBANK0                         cstackBANK0  00000
__HcstackCOMMON                        cstackCOMMON 00000
__HdataBANK0                           dataBANK0    00000
__Heeprom_data                         eeprom_data  00000
__Hend_init                            end_init     00004
__Hfunctab                             functab      00000
__HidataBANK0                          idataBANK0   00000
__Hidloc                               idloc        00000
__Hinit                                init         00002
__Hinittext                            inittext     00000
__Hintentry                            intentry     00002
__Hmaintext                            maintext     00000
__Hpowerup                             powerup      00000
__Hram                                 ram          00000
__Hreset_vec                           reset_vec    00002
__Hsfr0                                sfr0         00000
__Hsfr1                                sfr1         00000
__Hsfr10                               sfr10        00000
__Hsfr11                               sfr11        00000
__Hsfr12                               sfr12        00000
__Hsfr13                               sfr13        00000
__Hsfr14                               sfr14        00000
__Hsfr15                               sfr15        00000
__Hsfr16                               sfr16        00000
__Hsfr17                               sfr17        00000
__Hsfr18                               sfr18        00000
__Hsfr19                               sfr19        00000
__Hsfr2                                sfr2         00000
__Hsfr20                               sfr20        00000
__Hsfr21                               sfr21        00000
__Hsfr22                               sfr22        00000
__Hsfr23                               sfr23        00000
__Hsfr24                               sfr24        00000
__Hsfr25                               sfr25        00000
__Hsfr26                               sfr26        00000
__Hsfr27                               sfr27        00000
__Hsfr28                               sfr28        00000
__Hsfr29                               sfr29        00000
__Hsfr3                                sfr3         00000
__Hsfr30                               sfr30        00000
__Hsfr31                               sfr31        00000
__Hsfr4                                sfr4         00000
__Hsfr5                                sfr5         00000
__Hsfr6                                sfr6         00000
__Hsfr7                                sfr7         00000
__Hsfr8                                sfr8         00000
__Hsfr9                                sfr9         00000
__Hspace_0                             (abs)        0800B
__Hspace_1                             (abs)        0007E
__Hspace_2                             (abs)        00000
__Hspace_3                             (abs)        00000
__Hstack                               stack        00000
__Hstrings                             strings      00000
__Hstringtext1                         stringtext1  00000
__Hstringtext10                        stringtext10 00000
__Hstringtext11                        stringtext11 00000
__Hstringtext12                        stringtext12 00000
__Hstringtext13                        stringtext13 00000
__Hstringtext14                        stringtext14 00000
__Hstringtext15                        stringtext15 00000
__Hstringtext16                        stringtext16 00000
__Hstringtext17                        stringtext17 00000
__Hstringtext18                        stringtext18 00000
__Hstringtext19                        stringtext19 00000
__Hstringtext2                         stringtext2  00000
__Hstringtext20                        stringtext20 00000
__Hstringtext21                        stringtext21 00000
__Hstringtext22                        stringtext22 00000
__Hstringtext23                        stringtext23 00000
__Hstringtext24                        stringtext24 00000
__Hstringtext3                         stringtext3  00000
__Hstringtext4                         stringtext4  00000
__Hstringtext5                         stringtext5  00000
__Hstringtext6                         stringtext6  00000
__Hstringtext7                         stringtext7  00000
__Hstringtext8                         stringtext8  00000
__Hstringtext9                         stringtext9  00000
__Htext                                text         00000
__Labs1                                abs1         00000
__Lbank0                               bank0        00000
__Lbank1                               bank1        00000
__Lbank10                              bank10       00000
__Lbank11                              bank11       00000
__Lbank12                              bank12       00000
__Lbank13                              bank13       00000
__Lbank14                              bank14       00000
__Lbank15                              bank15       00000
__Lbank16                              bank16       00000
__Lbank17                              bank17       00000
__Lbank18                              bank18       00000
__Lbank19                              bank19       00000
__Lbank2                               bank2        00000
__Lbank20                              bank20       00000
__Lbank21                              bank21       00000
__Lbank22                              bank22       00000
__Lbank23                              bank23       00000
__Lbank24                              bank24       00000
__Lbank25                              bank25       00000
__Lbank26                              bank26       00000
__Lbank27                              bank27       00000
__Lbank28                              bank28       00000
__Lbank29                              bank29       00000
__Lbank3                               bank3        00000
__Lbank30                              bank30       00000
__Lbank31                              bank31       00000
__Lbank4                               bank4        00000
__Lbank5                               bank5        00000
__Lbank6                               bank6        00000
__Lbank7                               bank7        00000
__Lbank8                               bank8        00000
__Lbank9                               bank9        00000
__Lbigram                              bigram       00000
__LbssBANK0                            bssBANK0     00000
__Lcinit                               cinit        007F1
__Lclrtext                             clrtext      00000
__Lcode                                code         00000
__Lcommon                              common       00000
__Lconfig                              config       08007
__LcstackBANK0                         cstackBANK0  00000
__LcstackCOMMON                        cstackCOMMON 00000
__LdataBANK0                           dataBANK0    00000
__Leeprom_data                         eeprom_data  00000
__Lend_init                            end_init     00002
__Lfunctab                             functab      00000
__LidataBANK0                          idataBANK0   00000
__Lidloc                               idloc        00000
__Linit                                init         00002
__Linittext                            inittext     00000
__Lintentry                            intentry     00002
__Lmaintext                            maintext     00000
__Lpowerup                             powerup      00000
__Lram                                 ram          00000
__Lreset_vec                           reset_vec    00000
__Lsfr0                                sfr0         00000
__Lsfr1                                sfr1         00000
__Lsfr10                               sfr10        00000
__Lsfr11                               sfr11        00000
__Lsfr12                               sfr12        00000
__Lsfr13                               sfr13        00000
__Lsfr14                               sfr14        00000
__Lsfr15                               sfr15        00000
__Lsfr16                               sfr16        00000
__Lsfr17                               sfr17        00000
__Lsfr18                               sfr18        00000
__Lsfr19                               sfr19        00000
__Lsfr2                                sfr2         00000
__Lsfr20                               sfr20        00000
__Lsfr21                               sfr21        00000
__Lsfr22                               sfr22        00000
__Lsfr23                               sfr23        00000
__Lsfr24                               sfr24        00000
__Lsfr25                               sfr25        00000
__Lsfr26                               sfr26        00000
__Lsfr27                               sfr27        00000
__Lsfr28                               sfr28        00000
__Lsfr29                               sfr29        00000
__Lsfr3                                sfr3         00000
__Lsfr30                               sfr30        00000
__Lsfr31                               sfr31        00000
__Lsfr4                                sfr4         00000
__Lsfr5                                sfr5         00000
__Lsfr6                                sfr6         00000
__Lsfr7                                sfr7         00000
__Lsfr8                                sfr8         00000
__Lsfr9                                sfr9         00000
__Lspace_0                             (abs)        00000
__Lspace_1                             (abs)        00000
__Lspace_2                             (abs)        00000
__Lspace_3                             (abs)        00000
__Lstack                               stack        00000
__Lstrings                             strings      00000
__Lstringtext1                         stringtext1  00000
__Lstringtext10                        stringtext10 00000
__Lstringtext11                        stringtext11 00000
__Lstringtext12                        stringtext12 00000
__Lstringtext13                        stringtext13 00000
__Lstringtext14                        stringtext14 00000
__Lstringtext15                        stringtext15 00000
__Lstringtext16                        stringtext16 00000
__Lstringtext17                        stringtext17 00000
__Lstringtext18                        stringtext18 00000
__Lstringtext19                        stringtext19 00000
__Lstringtext2                         stringtext2  00000
__Lstringtext20                        stringtext20 00000
__Lstringtext21                        stringtext21 00000
__Lstringtext22                        stringtext22 00000
__Lstringtext23                        stringtext23 00000
__Lstringtext24                        stringtext24 00000
__Lstringtext3                         stringtext3  00000
__Lstringtext4                         stringtext4  00000
__Lstringtext5                         stringtext5  00000
__Lstringtext6                         stringtext6  00000
__Lstringtext7                         stringtext7  00000
__Lstringtext8                         stringtext8  00000
__Lstringtext9                         stringtext9  00000
__Ltext                                text         00000
__S0                                   (abs)        0800B
__S1                                   (abs)        0007E
__S2                                   (abs)        00000
__S3                                   (abs)        00000
___int_sp                              stack        00000
___latbits                             (abs)        00003
___sp                                  stack        00000
__end_of__initialization               cinit        007FD
__end_of__switch_led                   text9        007F1
__end_of_adc                           stringtext3  00826
__end_of_display                       stringtext2  0081C
__end_of_gpio                          stringtext1  00810
__end_of_initialize                    text7        00573
__end_of_led1                          stringtext24 008AC
__end_of_led10                         stringtext9  00851
__end_of_led11                         stringtext19 00889
__end_of_led12                         stringtext8  0084A
__end_of_led13                         stringtext18 00882
__end_of_led14                         stringtext7  00843
__end_of_led15                         stringtext17 0087B
__end_of_led16                         stringtext6  0083C
__end_of_led17                         stringtext5  00835
__end_of_led18                         stringtext16 00874
__end_of_led2                          stringtext13 0086D
__end_of_led3                          stringtext23 008A5
__end_of_led4                          stringtext12 00866
__end_of_led5                          stringtext22 0089E
__end_of_led6                          stringtext11 0085F
__end_of_led7                          stringtext21 00897
__end_of_led8                          stringtext20 00890
__end_of_led9                          stringtext10 00858
__end_of_led_off                       text6        00375
__end_of_main                          maintext     003B9
__end_of_oscillator                    stringtext4  0082E
__end_of_pattern_scroll_in             text5        00467
__end_of_pattern_scroll_out            text4        004DA
__end_of_pin_mode                      text8        0069E
__end_of_system_time                   stringtext14 008B2
__end_of_wait_for_startup_clock_ready  text3        0035C
__end_of_watchdog                      stringtext15 008B8
__end_of_watchdog_clear                text2        00357
__end_of_watchdog_initialize           text1        0036A
__end_of_write_pin                     text10       003F4
__gb_display_initialized               bssBANK0     00032
__initialization                       cinit        007F1
__pbssBANK0                            bssBANK0     00032
__pcstackBANK0                         cstackBANK0  0002C
__pcstackCOMMON                        cstackCOMMON 00070
__pdataBANK0                           dataBANK0    00020
__pidataBANK0                          idataBANK0   00375
__pmaintext                            maintext     00381
__pstringtext1                         stringtext1  00800
__pstringtext10                        stringtext10 00851
__pstringtext11                        stringtext11 00858
__pstringtext12                        stringtext12 0085F
__pstringtext13                        stringtext13 00866
__pstringtext14                        stringtext14 008AC
__pstringtext15                        stringtext15 008B2
__pstringtext16                        stringtext16 0086D
__pstringtext17                        stringtext17 00874
__pstringtext18                        stringtext18 0087B
__pstringtext19                        stringtext19 00882
__pstringtext2                         stringtext2  00810
__pstringtext20                        stringtext20 00889
__pstringtext21                        stringtext21 00890
__pstringtext22                        stringtext22 00897
__pstringtext23                        stringtext23 0089E
__pstringtext24                        stringtext24 008A5
__pstringtext3                         stringtext3  0081C
__pstringtext4                         stringtext4  00826
__pstringtext5                         stringtext5  0082E
__pstringtext6                         stringtext6  00835
__pstringtext7                         stringtext7  0083C
__pstringtext8                         stringtext8  00843
__pstringtext9                         stringtext9  0084A
__ptext1                               text1        00362
__ptext10                              text10       003B9
__ptext2                               text2        00356
__ptext3                               text3        00357
__ptext4                               text4        00467
__ptext5                               text5        003F4
__ptext6                               text6        0036A
__ptext7                               text7        004DA
__ptext8                               text8        00573
__ptext9                               text9        0069E
__size_of__switch_led                  (abs)        00000
__size_of_initialize                   (abs)        00000
__size_of_led_off                      (abs)        00000
__size_of_main                         (abs)        00000
__size_of_pattern_scroll_in            (abs)        00000
__size_of_pattern_scroll_out           (abs)        00000
__size_of_pin_mode                     (abs)        00000
__size_of_wait_for_startup_clock_ready (abs)        00000
__size_of_watchdog_clear               (abs)        00000
__size_of_watchdog_initialize          (abs)        00000
__size_of_write_pin                    (abs)        00000
__switch_led                           text9        0069E
__switch_led@led                       cstackCOMMON 0007D
__switch_led@state                     cstackCOMMON 0007A
_adc_disable                           (abs)        00000
_adc_enable                            (abs)        00000
_adc_initialize                        (abs)        00000
_adc_measure_channel                   (abs)        00000
_adc_measure_pin                       (abs)        00000
_display                               stringtext2  00810
_get_clock_source                      (abs)        00000
_gpio                                  stringtext1  00800
_initialize                            text7        004DA
_initialize_and_enable_interrupt_timer (abs)        00000
_led1                                  stringtext24 008A5
_led11                                 stringtext19 00882
_led13                                 stringtext18 0087B
_led15                                 stringtext17 00874
_led18                                 stringtext16 0086D
_led3                                  stringtext23 0089E
_led5                                  stringtext22 00897
_led7                                  stringtext21 00890
_led8                                  stringtext20 00889
_led_flash                             (abs)        00000
_led_off                               text6        0036A
_led_on                                (abs)        00000
_main                                  maintext     00381
_oscillator                            stringtext4  00826
_output_pps                            (abs)        00000
_pattern_scroll_in                     text5        003F4
_pattern_scroll_out                    text4        00467
_pin_mode                              text8        00573
_reset_pin                             (abs)        00000
_set_clock_to_pin                      (abs)        00000
_set_pin                               (abs)        00000
_switch_clock                          (abs)        00000
_toggle_pin                            (abs)        00000
_wait_for_register_flag_ms             (abs)        00000
_wait_for_register_flag_us             (abs)        00000
_wait_for_startup_clock_ready          text3        00357
_watchdog                              stringtext15 008B2
_watchdog_clear                        text2        00356
_watchdog_did_overflow                 (abs)        00000
_watchdog_initialize                   text1        00362
_write_pin                             text10       003B9
btemp                                  (abs)        0007E
end_of_initialization                  cinit        007FD
init_ram                               inittext     0035C
intlevel0                              functab      00000
intlevel1                              functab      00000
intlevel2                              functab      00000
intlevel3                              functab      00000
intlevel4                              functab      00000
intlevel5                              functab      00000
led_off@led                            cstackBANK0  0002C
led_off@state                          cstackBANK0  0002E
pattern_scroll_in@count                cstackBANK0  0002F
pattern_scroll_in@i                    cstackBANK0  00031
pattern_scroll_out@count               cstackBANK0  0002F
pattern_scroll_out@i                   cstackBANK0  00031
pin_mode@base_pointer                  cstackCOMMON 00077
pin_mode@mode                          cstackCOMMON 00072
pin_mode@pin                           cstackCOMMON 00070
pin_mode@pin_bit_position              cstackCOMMON 00079
reset_vec                              reset_vec    00000
stackhi                                (abs)        027EF
stacklo                                (abs)        02013
start                                  init         00002
start_initialization                   cinit        007F1
write_pin@base_pointer                 cstackCOMMON 00077
write_pin@pin                          cstackCOMMON 00070
write_pin@pin_bit_position             cstackCOMMON 00079
write_pin@state                        cstackCOMMON 00072
wtemp0                                 (abs)        0007E


FUNCTION INFORMATION:

 *************** function _main *****************
 Defined at:
		line 29 in file "main.c"
 Parameters:    Size  Location     Type
		None
 Auto vars:     Size  Location     Type
		None
 Return value:  Size  Location     Type
                  1    wreg      void 
 Registers used:
		wreg, fsr0l, fsr0h, fsr1l, fsr1h, status,2, status,0, pclath, cstack
 Tracked objects:
		On entry : 
		On exit  : 
		Unchanged: 
 Data sizes:     COMMON   BANK0   BANK1   BANK2   BANK3   BANK4   BANK5   BANK6   BANK7   BANK8   BANK9  BANK10  BANK11  BANK12  BANK13  BANK14  BANK15  BANK16  BANK17  BANK18  BANK19  BANK20  BANK21  BANK22  BANK23  BANK24  BANK25
      Params:         0       0       0       0       0       0       0       0       0       0       0       0       0       0       0       0       0       0       0       0       0       0       0       0       0       0       0
      Locals:         0       0       0       0       0       0       0       0       0       0       0       0       0       0       0       0       0       0       0       0       0       0       0       0       0       0       0
      Temps:          0       0       0       0       0       0       0       0       0       0       0       0       0       0       0       0       0       0       0       0       0       0       0       0       0       0       0
      Totals:         0       0       0       0       0       0       0       0       0       0       0       0       0       0       0       0       0       0       0       0       0       0       0       0       0       0       0
Total ram usage:        0 bytes
 Hardware stack levels required when called:    4
 This function calls:
		_initialize
		_pattern_scroll_in
		_pattern_scroll_out
		_wait_for_startup_clock_ready
		_watchdog_clear
		_watchdog_initialize
 This function is called by:
		Startup code after reset
 This function uses a non-reentrant model


 *************** function _watchdog_initialize *****************
 Defined at:
		line 283 in file "hardware.c"
 Parameters:    Size  Location     Type
		None
 Auto vars:     Size  Location     Type
		None
 Return value:  Size  Location     Type
                  1    wreg      void 
 Registers used:
		wreg, status,2, status,0, pclath, cstack
 Tracked objects:
		On entry : 
		On exit  : 
		Unchanged: 
 Data sizes:     COMMON   BANK0   BANK1   BANK2   BANK3   BANK4   BANK5   BANK6   BANK7   BANK8   BANK9  BANK10  BANK11  BANK12  BANK13  BANK14  BANK15  BANK16  BANK17  BANK18  BANK19  BANK20  BANK21  BANK22  BANK23  BANK24  BANK25
      Params:         0       0       0       0       0       0       0       0       0       0       0       0       0       0       0       0       0       0       0       0       0       0       0       0       0       0       0
      Locals:         0       0       0       0       0       0       0       0       0       0       0       0       0       0       0       0       0       0       0       0       0       0       0       0       0       0       0
      Temps:          0       0       0       0       0       0       0       0       0       0       0       0       0       0       0       0       0       0       0       0       0       0       0       0       0       0       0
      Totals:         0       0       0       0       0       0       0       0       0       0       0       0       0       0       0       0       0       0       0       0       0       0       0       0       0       0       0
Total ram usage:        0 bytes
 Hardware stack levels used:    1
 Hardware stack levels required when called:    1
 This function calls:
		_watchdog_clear
 This function is called by:
		_main
 This function uses a non-reentrant model


 *************** function _watchdog_clear *****************
 Defined at:
		line 289 in file "hardware.c"
 Parameters:    Size  Location     Type
		None
 Auto vars:     Size  Location     Type
		None
 Return value:  Size  Location     Type
                  1    wreg      void 
 Registers used:
		None
 Tracked objects:
		On entry : 
		On exit  : 
		Unchanged: 
 Data sizes:     COMMON   BANK0   BANK1   BANK2   BANK3   BANK4   BANK5   BANK6   BANK7   BANK8   BANK9  BANK10  BANK11  BANK12  BANK13  BANK14  BANK15  BANK16  BANK17  BANK18  BANK19  BANK20  BANK21  BANK22  BANK23  BANK24  BANK25
      Params:         0       0       0       0       0       0       0       0       0       0       0       0       0       0       0       0       0       0       0       0       0       0       0       0       0       0       0
      Locals:         0       0       0       0       0       0       0       0       0       0       0       0       0       0       0       0       0       0       0       0       0       0       0       0       0       0       0
      Temps:          0       0       0       0       0       0       0       0       0       0       0       0       0       0       0       0       0       0       0       0       0       0       0       0       0       0       0
      Totals:         0       0       0       0       0       0       0       0       0       0       0       0       0       0       0       0       0       0       0       0       0       0       0       0       0       0       0
Total ram usage:        0 bytes
 Hardware stack levels used:    1
 This function calls:
		Nothing
 This function is called by:
		_watchdog_initialize
		_main
 This function uses a non-reentrant model


 *************** function _wait_for_startup_clock_ready *****************
 Defined at:
		line 63 in file "hardware.c"
 Parameters:    Size  Location     Type
		None
 Auto vars:     Size  Location     Type
		None
 Return value:  Size  Location     Type
                  1    wreg      void 
 Registers used:
		None
 Tracked objects:
		On entry : 
		On exit  : 
		Unchanged: 
 Data sizes:     COMMON   BANK0   BANK1   BANK2   BANK3   BANK4   BANK5   BANK6   BANK7   BANK8   BANK9  BANK10  BANK11  BANK12  BANK13  BANK14  BANK15  BANK16  BANK17  BANK18  BANK19  BANK20  BANK21  BANK22  BANK23  BANK24  BANK25
      Params:         0       0       0       0       0       0       0       0       0       0       0       0       0       0       0       0       0       0       0       0       0       0       0       0       0       0       0
      Locals:         0       0       0       0       0       0       0       0       0       0       0       0       0       0       0       0       0       0       0       0       0       0       0       0       0       0       0
      Temps:          0       0       0       0       0       0       0       0       0       0       0       0       0       0       0       0       0       0       0       0       0       0       0       0       0       0       0
      Totals:         0       0       0       0       0       0       0       0       0       0       0       0       0       0       0       0       0       0       0       0       0       0       0       0       0       0       0
Total ram usage:        0 bytes
 Hardware stack levels used:    1
 This function calls:
		Nothing
 This function is called by:
		_main
 This function uses a non-reentrant model


 *************** function _pattern_scroll_out *****************
 Defined at:
		line 126 in file "display.c"
 Parameters:    Size  Location     Type
  count           1    3[BANK0 ] unsigned char 
 Auto vars:     Size  Location     Type
  i               1    5[BANK0 ] unsigned char 
 Return value:  Size  Location     Type
                  1    wreg      void 
 Registers used:
		wreg, fsr0l, fsr0h, fsr1l, fsr1h, status,2, status,0, pclath, cstack
 Tracked objects:
		On entry : 
		On exit  : 
		Unchanged: 
 Data sizes:     COMMON   BANK0   BANK1   BANK2   BANK3   BANK4   BANK5   BANK6   BANK7   BANK8   BANK9  BANK10  BANK11  BANK12  BANK13  BANK14  BANK15  BANK16  BANK17  BANK18  BANK19  BANK20  BANK21  BANK22  BANK23  BANK24  BANK25
      Params:         0       1       0       0       0       0       0       0       0       0       0       0       0       0       0       0       0       0       0       0       0       0       0       0       0       0       0
      Locals:         0       1       0       0       0       0       0       0       0       0       0       0       0       0       0       0       0       0       0       0       0       0       0       0       0       0       0
      Temps:          0       1       0       0       0       0       0       0       0       0       0       0       0       0       0       0       0       0       0       0       0       0       0       0       0       0       0
      Totals:         0       3       0       0       0       0       0       0       0       0       0       0       0       0       0       0       0       0       0       0       0       0       0       0       0       0       0
Total ram usage:        3 bytes
 Hardware stack levels used:    1
 Hardware stack levels required when called:    3
 This function calls:
		__switch_led
		_led_off
 This function is called by:
		_main
 This function uses a non-reentrant model


 *************** function _pattern_scroll_in *****************
 Defined at:
		line 158 in file "display.c"
 Parameters:    Size  Location     Type
  count           1    3[BANK0 ] unsigned char 
 Auto vars:     Size  Location     Type
  i               1    5[BANK0 ] unsigned char 
 Return value:  Size  Location     Type
                  1    wreg      void 
 Registers used:
		wreg, fsr0l, fsr0h, fsr1l, fsr1h, status,2, status,0, pclath, cstack
 Tracked objects:
		On entry : 
		On exit  : 
		Unchanged: 
 Data sizes:     COMMON   BANK0   BANK1   BANK2   BANK3   BANK4   BANK5   BANK6   BANK7   BANK8   BANK9  BANK10  BANK11  BANK12  BANK13  BANK14  BANK15  BANK16  BANK17  BANK18  BANK19  BANK20  BANK21  BANK22  BANK23  BANK24  BANK25
      Params:         0       1       0       0       0       0       0       0       0       0       0       0       0       0       0       0       0       0       0       0       0       0       0       0       0       0       0
      Locals:         0       1       0       0       0       0       0       0       0       0       0       0       0       0       0       0       0       0       0       0       0       0       0       0       0       0       0
      Temps:          0       1       0       0       0       0       0       0       0       0       0       0       0       0       0       0       0       0       0       0       0       0       0       0       0       0       0
      Totals:         0       3       0       0       0       0       0       0       0       0       0       0       0       0       0       0       0       0       0       0       0       0       0       0       0       0       0
Total ram usage:        3 bytes
 Hardware stack levels used:    1
 Hardware stack levels required when called:    3
 This function calls:
		__switch_led
		_led_off
 This function is called by:
		_main
 This function uses a non-reentrant model


 *************** function _led_off *****************
 Defined at:
		line 72 in file "display.c"
 Parameters:    Size  Location     Type
  led             1    0[BANK0 ] const enum E24
 Auto vars:     Size  Location     Type
  state           1    2[BANK0 ] enum E52
 Return value:  Size  Location     Type
                  1    wreg      void 
 Registers used:
		wreg, fsr0l, fsr0h, fsr1l, fsr1h, status,2, status,0, pclath, cstack
 Tracked objects:
		On entry : 
		On exit  : 
		Unchanged: 
 Data sizes:     COMMON   BANK0   BANK1   BANK2   BANK3   BANK4   BANK5   BANK6   BANK7   BANK8   BANK9  BANK10  BANK11  BANK12  BANK13  BANK14  BANK15  BANK16  BANK17  BANK18  BANK19  BANK20  BANK21  BANK22  BANK23  BANK24  BANK25
      Params:         0       1       0       0       0       0       0       0       0       0       0       0       0       0       0       0       0       0       0       0       0       0       0       0       0       0       0
      Locals:         0       1       0       0       0       0       0       0       0       0       0       0       0       0       0       0       0       0       0       0       0       0       0       0       0       0       0
      Temps:          0       1       0       0       0       0       0       0       0       0       0       0       0       0       0       0       0       0       0       0       0       0       0       0       0       0       0
      Totals:         0       3       0       0       0       0       0       0       0       0       0       0       0       0       0       0       0       0       0       0       0       0       0       0       0       0       0
Total ram usage:        3 bytes
 Hardware stack levels used:    1
 Hardware stack levels required when called:    2
 This function calls:
		__switch_led
 This function is called by:
		_pattern_scroll_out
		_pattern_scroll_in
 This function uses a non-reentrant model


 *************** function _initialize *****************
 Defined at:
		line 38 in file "display.c"
 Parameters:    Size  Location     Type
		None
 Auto vars:     Size  Location     Type
		None
 Return value:  Size  Location     Type
                  1    wreg      void 
 Registers used:
		wreg, fsr0l, fsr0h, fsr1l, fsr1h, status,2, status,0, pclath, cstack
 Tracked objects:
		On entry : 
		On exit  : 
		Unchanged: 
 Data sizes:     COMMON   BANK0   BANK1   BANK2   BANK3   BANK4   BANK5   BANK6   BANK7   BANK8   BANK9  BANK10  BANK11  BANK12  BANK13  BANK14  BANK15  BANK16  BANK17  BANK18  BANK19  BANK20  BANK21  BANK22  BANK23  BANK24  BANK25
      Params:         0       0       0       0       0       0       0       0       0       0       0       0       0       0       0       0       0       0       0       0       0       0       0       0       0       0       0
      Locals:         0       0       0       0       0       0       0       0       0       0       0       0       0       0       0       0       0       0       0       0       0       0       0       0       0       0       0
      Temps:          0       0       0       0       0       0       0       0       0       0       0       0       0       0       0       0       0       0       0       0       0       0       0       0       0       0       0
      Totals:         0       0       0       0       0       0       0       0       0       0       0       0       0       0       0       0       0       0       0       0       0       0       0       0       0       0       0
Total ram usage:        0 bytes
 Hardware stack levels used:    1
 Hardware stack levels required when called:    2
 This function calls:
		__switch_led
		_pin_mode
 This function is called by:
		_main
 This function uses a non-reentrant model


 *************** function _pin_mode *****************
 Defined at:
		line 127 in file "hardware.c"
 Parameters:    Size  Location     Type
  pin             2    0[COMMON] PTR const struct .
		 -> led18(7), led15(7), led13(7), led11(7), 
		 -> led8(7), led7(7), led5(7), led3(7), 
		 -> led1(7), 
  mode            1    2[COMMON] enum E6418
 Auto vars:     Size  Location     Type
  base_pointer    2    7[COMMON] PTR volatile unsigned ch
		 -> RAM(4096), RAM(4096), 
  pin_bit_posi    1    9[COMMON] unsigned char 
 Return value:  Size  Location     Type
                  1    wreg      void 
 Registers used:
		wreg, fsr0l, fsr0h, fsr1l, fsr1h, status,2, status,0, pclath
 Tracked objects:
		On entry : 
		On exit  : 
		Unchanged: 
 Data sizes:     COMMON   BANK0   BANK1   BANK2   BANK3   BANK4   BANK5   BANK6   BANK7   BANK8   BANK9  BANK10  BANK11  BANK12  BANK13  BANK14  BANK15  BANK16  BANK17  BANK18  BANK19  BANK20  BANK21  BANK22  BANK23  BANK24  BANK25
      Params:         3       0       0       0       0       0       0       0       0       0       0       0       0       0       0       0       0       0       0       0       0       0       0       0       0       0       0
      Locals:         3       0       0       0       0       0       0       0       0       0       0       0       0       0       0       0       0       0       0       0       0       0       0       0       0       0       0
      Temps:          4       0       0       0       0       0       0       0       0       0       0       0       0       0       0       0       0       0       0       0       0       0       0       0       0       0       0
      Totals:        10       0       0       0       0       0       0       0       0       0       0       0       0       0       0       0       0       0       0       0       0       0       0       0       0       0       0
Total ram usage:       10 bytes
 Hardware stack levels used:    1
 This function calls:
		Nothing
 This function is called by:
		_set_clock_to_pin
		_initialize
 This function uses a non-reentrant model


 *************** function __switch_led *****************
 Defined at:
		line 88 in file "display.c"
 Parameters:    Size  Location     Type
  led             1    wreg     const enum E24
  state           1   10[COMMON] enum E52
 Auto vars:     Size  Location     Type
  led             1   13[COMMON] const enum E24
 Return value:  Size  Location     Type
                  1    wreg      void 
 Registers used:
		wreg, fsr0l, fsr0h, fsr1l, fsr1h, status,2, status,0, pclath, cstack
 Tracked objects:
		On entry : 
		On exit  : 
		Unchanged: 
 Data sizes:     COMMON   BANK0   BANK1   BANK2   BANK3   BANK4   BANK5   BANK6   BANK7   BANK8   BANK9  BANK10  BANK11  BANK12  BANK13  BANK14  BANK15  BANK16  BANK17  BANK18  BANK19  BANK20  BANK21  BANK22  BANK23  BANK24  BANK25
      Params:         1       0       0       0       0       0       0       0       0       0       0       0       0       0       0       0       0       0       0       0       0       0       0       0       0       0       0
      Locals:         1       0       0       0       0       0       0       0       0       0       0       0       0       0       0       0       0       0       0       0       0       0       0       0       0       0       0
      Temps:          2       0       0       0       0       0       0       0       0       0       0       0       0       0       0       0       0       0       0       0       0       0       0       0       0       0       0
      Totals:         4       0       0       0       0       0       0       0       0       0       0       0       0       0       0       0       0       0       0       0       0       0       0       0       0       0       0
Total ram usage:        4 bytes
 Hardware stack levels used:    1
 Hardware stack levels required when called:    1
 This function calls:
		_write_pin
 This function is called by:
		_initialize
		_led_off
		_pattern_scroll_out
		_pattern_scroll_in
		_led_on
		_led_flash
 This function uses a non-reentrant model


 *************** function _write_pin *****************
 Defined at:
		line 176 in file "hardware.c"
 Parameters:    Size  Location     Type
  pin             2    0[COMMON] PTR const struct .
		 -> led18(7), led15(7), led13(7), led11(7), 
		 -> led8(7), led7(7), led5(7), led3(7), 
		 -> led1(7), 
  state           1    2[COMMON] enum E24
 Auto vars:     Size  Location     Type
  base_pointer    2    7[COMMON] PTR volatile unsigned ch
		 -> RAM(4096), RAM(4096), 
  pin_bit_posi    1    9[COMMON] unsigned char 
 Return value:  Size  Location     Type
                  1    wreg      void 
 Registers used:
		wreg, fsr0l, fsr0h, fsr1l, fsr1h, status,2, status,0, pclath
 Tracked objects:
		On entry : 
		On exit  : 
		Unchanged: 
 Data sizes:     COMMON   BANK0   BANK1   BANK2   BANK3   BANK4   BANK5   BANK6   BANK7   BANK8   BANK9  BANK10  BANK11  BANK12  BANK13  BANK14  BANK15  BANK16  BANK17  BANK18  BANK19  BANK20  BANK21  BANK22  BANK23  BANK24  BANK25
      Params:         3       0       0       0       0       0       0       0       0       0       0       0       0       0       0       0       0       0       0       0       0       0       0       0       0       0       0
      Locals:         3       0       0       0       0       0       0       0       0       0       0       0       0       0       0       0       0       0       0       0       0       0       0       0       0       0       0
      Temps:          4       0       0       0       0       0       0       0       0       0       0       0       0       0       0       0       0       0       0       0       0       0       0       0       0       0       0
      Totals:        10       0       0       0       0       0       0       0       0       0       0       0       0       0       0       0       0       0       0       0       0       0       0       0       0       0       0
Total ram usage:       10 bytes
 Hardware stack levels used:    1
 This function calls:
		Nothing
 This function is called by:
		__switch_led
 This function uses a non-reentrant model



MODULE INFORMATION

Module		Function		Class		Link	Load	Size
shared
		_led15         		STRCODE        	0874	0000	8
		_system_time   		STRCODE        	0000	0000	0
		_led3          		STRCODE        	089E	0000	8
		_display       		STRCODE        	0810	0000	13
		_led10         		STRCODE        	0000	0000	0
		_led4          		STRCODE        	0000	0000	0
		_led16         		STRCODE        	0000	0000	0
		_led5          		STRCODE        	0897	0000	8
		_led11         		STRCODE        	0882	0000	8
		_led6          		STRCODE        	0000	0000	0
		_led17         		STRCODE        	0000	0000	0
		_led7          		STRCODE        	0890	0000	8
		_oscillator    		STRCODE        	0826	0000	9
		__initialization		CODE           	07F1	0000	13
		_led12         		STRCODE        	0000	0000	0
		_led8          		STRCODE        	0889	0000	8
		_adc           		STRCODE        	0000	0000	0
		_led18         		STRCODE        	086D	0000	8
		_watchdog      		STRCODE        	08B2	0000	7
		_led9          		STRCODE        	0000	0000	0
		_gpio          		STRCODE        	0800	0000	17
		_led13         		STRCODE        	087B	0000	8
		_led14         		STRCODE        	0000	0000	0
		_led1          		STRCODE        	08A5	0000	8
		_led2          		STRCODE        	0000	0000	0

shared estimated size: 131

hardware.c
		_pin_mode      		CODE           	0573	0000	300
		_write_pin     		CODE           	03B9	0000	60
		_wait_for_startup_clock_ready		CODE           	0357	0000	6
		_watchdog_initialize		CODE           	0362	0000	9
		_watchdog_clear		CODE           	0356	0000	2

hardware.c estimated size: 377

display.c
		_led_off       		CODE           	036A	0000	12
		__switch_led   		CODE           	069E	0000	340
		_pattern_scroll_out		CODE           	0467	0000	116
		_initialize    		CODE           	04DA	0000	154
		_pattern_scroll_in		CODE           	03F4	0000	116

display.c estimated size: 738

main.c
		_main          		CODE           	0381	0000	57

main.c estimated size: 57

